// Jest Snapshot v1, https://goo.gl/fbAQLP

exports[`Using the Header component it renders correctly 1`] = `ReactWrapper {}`;
